ABRACADABRA
CALL OF DUTY
COOLIO
JESSICA
JORDAN SMITH
VERONICA
ZOINKS
ZOMBIES
